A51 MACRO ASSEMBLER  CLOCK1                                                               05/15/2019 15:50:48 PAGE     1


MACRO ASSEMBLER A51 V8.2.5.0
OBJECT MODULE PLACED IN .\Objects\clock1.obj
ASSEMBLER INVOKED BY: C:\Keil_v5\C51\BIN\A51.EXE clock1.a51 SET(LARGE) DEBUG PRINT(.\Listings\clock1.lst) OBJECT(.\Objec
                      ts\clock1.obj) EP

LOC  OBJ            LINE     SOURCE

0000                   1                     ORG     0H

0000 7814              2                     MOV     R0,#20

                       3                                                             

0002 7958              4                     MOV     R1,#58H                  

0004 7A59              5                     MOV     R2,#59H                  

0006 7B23              6                     MOV     R3,#23H                  

0008 1130              7                     ACALL SETDIS             

000A 758901            8                     MOV TMOD,#0x01

                       9                     

000D 758C3C           10     REPEAT: MOV     TH0,#0x3C

0010 758AB0           11                     MOV     TL0,#0xB0

0013 D28C             12                     SETB TR0

                      13                     

0015 308DFD           14     WAIT:   JNB TF0,WAIT

0018 C28C             15                     CLR TR0

001A C28D             16                     CLR TF0

001C D8EF             17             DJNZ R0,REPEAT

001E 758C3C           18                     MOV     TH0,#0x3C

0021 758AB0           19                     MOV     TL0,#0xB0

0024 D28C             20                     SETB TR0

0026 7813             21                     MOV     R0,#19

0028 B2A3             22                     CPL P2.3                         

002A 1149             23                     ACALL INCT                       

002C 1185             24                     ACALL DIST                       

002E 0115             25                     AJMP WAIT

                      26                     

0030 7430             27     SETDIS: MOV     A,#30H                   

0032 11A2             28                     ACALL   COMNWRT         

0034 11BC             29                     ACALL   DELAY1          

0036 740C             30                     MOV     A,#0CH          

0038 11A2             31                     ACALL   COMNWRT         

003A 11BC             32                     ACALL   DELAY1          

003C 7401             33                     MOV     A,#01           

003E 11A2             34                     ACALL   COMNWRT         

0040 11C1             35                     ACALL   DELAY2          

0042 7406             36                     MOV     A,#06H          

0044 11A2             37                     ACALL   COMNWRT         

0046 11BC             38                     ACALL   DELAY1          

0048 22               39                     RET

                      40                     

0049                  41     INCT:    

0049 E9               42                     MOV A,R1                         

004A 2401             43                     ADD A,#01H                       

004C D4               44                     DA A                             

004D F9               45                     MOV R1,A                         

004E B46016           46                     CJNE A,#60H,INCE         

0051 7900             47                     MOV R1,#00H                      

                      48                     

0053 EA               49                     MOV A,R2                         

0054 2401             50                     ADD A,#01H                      

0056 D4               51                     DA A

0057 FA               52                     MOV R2,A

0058 B4600C           53                     CJNE A,#60H,INCE         

005B 7A00             54                     MOV R2,#00H                      

                      55                     

005D EB               56                     MOV A,R3                         

005E 2401             57                     ADD A,#01H

A51 MACRO ASSEMBLER  CLOCK1                                                               05/15/2019 15:50:48 PAGE     2

0060 D4               58                     DA A

0061 FB               59                     MOV R3,A

0062 B42402           60                     CJNE A,#24H,INCE         

0065 7B00             61                     MOV R3,#00H                      

                      62                     

0067 22               63     INCE:   RET

                      64     

0068 03               65     DMSB:   RR A                         

0069 03               66                     RR A                             

006A 03               67                     RR A

006B 03               68                     RR A

006C 540F             69                     ANL A,#0FH                       

006E 4430             70                     ORL A,#30H                       

0070 11AF             71                     ACALL   DATAWRT         

0072 11BC             72                     ACALL   DELAY1

                      73                     

0074 22               74                     RET

                      75                                                             

0075 540F             76     DLSB:   ANL A,#0FH                       

0077 4430             77                     ORL A,#30H                       

0079 11AF             78                     ACALL   DATAWRT

007B 11BC             79                     ACALL   DELAY1

                      80                     

007D 22               81                     RET

                      82     

007E 743A             83     DCOL:   MOV A,#3AH                       

0080 11AF             84                     ACALL   DATAWRT

0082 11BC             85                     ACALL   DELAY1

                      86     

0084 22               87                     RET

                      88                     

0085 7401             89     DIST:   MOV     A,#01                    

0087 11A2             90                     ACALL   COMNWRT          

0089 11C1             91                     ACALL   DELAY2  

                      92                     

008B EB               93                     MOV     A,R3                 

008C 1168             94                     ACALL   DMSB             

008E EB               95                     MOV     A,R3 

008F 1175             96                     ACALL   DLSB             

0091 117E             97                     ACALL   DCOL             

                      98                     

                      99                     

0093 EA              100                     MOV A,R2                         

0094 1168            101                     ACALL   DMSB             

0096 EA              102                     MOV     A,R2 

0097 1175            103                     ACALL   DLSB             

0099 117E            104                     ACALL   DCOL             

                     105                     

                     106                     

009B E9              107                     MOV A,R1                         

009C 1168            108                     ACALL DMSB                       

009E E9              109                     MOV     A,R1 

009F 1175            110                     ACALL DLSB                       

                     111                     

00A1 22              112                     RET

                     113                     

00A2                 114     COMNWRT:                        

00A2 F590            115                     MOV     P1,A            

00A4 C2A0            116                     CLR     P2.0            

00A6 C2A1            117                     CLR     P2.1            

00A8 D2A2            118                     SETB    P2.2            

00AA 11BC            119                     ACALL   DELAY1          

00AC C2A2            120                     CLR     P2.2            

00AE 22              121                     RET

00AF                 122     DATAWRT:                        

00AF F590            123                     MOV     P1,A            

A51 MACRO ASSEMBLER  CLOCK1                                                               05/15/2019 15:50:48 PAGE     3

00B1 D2A0            124                     SETB    P2.0            

00B3 C2A1            125                     CLR     P2.1            

00B5 D2A2            126                     SETB    P2.2            

00B7 11BC            127                     ACALL   DELAY1          

00B9 C2A2            128                     CLR     P2.2            

00BB 22              129                     RET

                     130     

00BC 7D1E            131     DELAY1: MOV     R5,#30                   

00BE DDFE            132     LP1:    DJNZ    R5,LP1          

00C0 22              133             RET

                     134                     

00C1 7D32            135     DELAY2: MOV     R5,#50                   

00C3 7C32            136     HERE2:  MOV     R4,#50  

00C5 DCFE            137     HERE:   DJNZ    R4,HERE                 

00C7 DDFA            138             DJNZ    R5,HERE2

00C9 22              139             RET             

                     140             

                     141                     END

A51 MACRO ASSEMBLER  CLOCK1                                                               05/15/2019 15:50:48 PAGE     4

SYMBOL TABLE LISTING
------ ----- -------


N A M E             T Y P E  V A L U E   ATTRIBUTES

COMNWRT. . . . . .  C ADDR   00A2H   A   
DATAWRT. . . . . .  C ADDR   00AFH   A   
DCOL . . . . . . .  C ADDR   007EH   A   
DELAY1 . . . . . .  C ADDR   00BCH   A   
DELAY2 . . . . . .  C ADDR   00C1H   A   
DIST . . . . . . .  C ADDR   0085H   A   
DLSB . . . . . . .  C ADDR   0075H   A   
DMSB . . . . . . .  C ADDR   0068H   A   
HERE . . . . . . .  C ADDR   00C5H   A   
HERE2. . . . . . .  C ADDR   00C3H   A   
INCE . . . . . . .  C ADDR   0067H   A   
INCT . . . . . . .  C ADDR   0049H   A   
LP1. . . . . . . .  C ADDR   00BEH   A   
P1 . . . . . . . .  D ADDR   0090H   A   
P2 . . . . . . . .  D ADDR   00A0H   A   
REPEAT . . . . . .  C ADDR   000DH   A   
SETDIS . . . . . .  C ADDR   0030H   A   
TF0. . . . . . . .  B ADDR   0088H.5 A   
TH0. . . . . . . .  D ADDR   008CH   A   
TL0. . . . . . . .  D ADDR   008AH   A   
TMOD . . . . . . .  D ADDR   0089H   A   
TR0. . . . . . . .  B ADDR   0088H.4 A   
WAIT . . . . . . .  C ADDR   0015H   A   


REGISTER BANK(S) USED: 0 


ASSEMBLY COMPLETE.  0 WARNING(S), 0 ERROR(S)
