#-----------------------------------------------------------
# Webtalk v2020.1 (64-bit)
# SW Build 2902540 on Wed May 27 19:54:49 MDT 2020
# IP Build 2902112 on Wed May 27 22:43:36 MDT 2020
# Start of session at: Fri Sep  4 00:05:29 2020
# Process ID: 17004
# Current directory: C:/Users/Daniel/uni/2020/ECEN302/ass/eisendani_ass1/compare_add/compare_add.sim/sim_1/behav/xsim
# Command line: wbtcv.exe -mode batch -source C:/Users/Daniel/uni/2020/ECEN302/ass/eisendani_ass1/compare_add/compare_add.sim/sim_1/behav/xsim/xsim.dir/comp_add_tb_behav/webtalk/xsim_webtalk.tcl -notrace
# Log file: C:/Users/Daniel/uni/2020/ECEN302/ass/eisendani_ass1/compare_add/compare_add.sim/sim_1/behav/xsim/webtalk.log
# Journal file: C:/Users/Daniel/uni/2020/ECEN302/ass/eisendani_ass1/compare_add/compare_add.sim/sim_1/behav/xsim\webtalk.jou
#-----------------------------------------------------------
source C:/Users/Daniel/uni/2020/ECEN302/ass/eisendani_ass1/compare_add/compare_add.sim/sim_1/behav/xsim/xsim.dir/comp_add_tb_behav/webtalk/xsim_webtalk.tcl -notrace
